
[1m[46m RUN [49m[22m [36mv4.1.2 [39m[90mC:/Users/Jason/Desktop/BillDog[39m

 [31mΓ¥»[39m lib/validators/prescription.test.ts [2m([22m[2m42 tests[22m[2m | [22m[31m1 failed[39m[2m)[22m[32m 17[2mms[22m[39m
     [32mΓ£ô[39m parses "2023-03" (YYYY-MM) format[32m 2[2mms[22m[39m
     [32mΓ£ô[39m parses "2023/03" (YYYY/MM) format[32m 0[2mms[22m[39m
     [32mΓ£ô[39m parses "March 2023" (full month name) format[32m 0[2mms[22m[39m
     [32mΓ£ô[39m parses "Mar 2023" (abbreviated month) format[32m 0[2mms[22m[39m
     [32mΓ£ô[39m parses "03/2023" (MM/YYYY) format[32m 0[2mms[22m[39m
     [32mΓ£ô[39m parses "Jan-Mar 2023" range ΓÇö uses earliest month[32m 0[2mms[22m[39m
     [32mΓ£ô[39m parses "January - March 2023" range with spaces[32m 0[2mms[22m[39m
     [32mΓ£ô[39m parses "Q1 2023" (quarter) format[32m 0[2mms[22m[39m
     [32mΓ£ô[39m parses "Q4 2023" (quarter) format[32m 0[2mms[22m[39m
     [32mΓ£ô[39m parses "2023/01 - 2023/03" range ΓÇö uses earliest[32m 0[2mms[22m[39m
     [32mΓ£ô[39m returns null for "Statement Date: 15/03/2023" (not a period)[32m 0[2mms[22m[39m
     [32mΓ£ô[39m returns null for empty string[32m 0[2mms[22m[39m
     [32mΓ£ô[39m returns null for random text[32m 0[2mms[22m[39m
     [32mΓ£ô[39m trims whitespace before parsing[32m 0[2mms[22m[39m
     [32mΓ£ô[39m returns 12 for one year difference[32m 0[2mms[22m[39m
     [32mΓ£ô[39m returns 36 for three year difference[32m 0[2mms[22m[39m
     [32mΓ£ô[39m returns 0 for same month[32m 0[2mms[22m[39m
     [32mΓ£ô[39m returns negative for future date as from[32m 0[2mms[22m[39m
     [32mΓ£ô[39m returns normal for 24-month-old electricity charge[32m 0[2mms[22m[39m
     [32mΓ£ô[39m returns normal for 28-month-old water charge[32m 0[2mms[22m[39m
     [32mΓ£ô[39m returns approaching for 31-month-old electricity charge[32m 0[2mms[22m[39m
     [32mΓ£ô[39m returns approaching for 34-month-old water charge[32m 0[2mms[22m[39m
[31m     [31m├ù[31m returns approaching for 35-month-old gas charge[39m[32m 5[2mms[22m[39m
     [32mΓ£ô[39m returns prescribed at exactly 36 months elapsed[32m 0[2mms[22m[39m
     [32mΓ£ô[39m returns prescribed for 48-month-old electricity charge[32m 0[2mms[22m[39m
     [32mΓ£ô[39m returns unknown for future bill period (parsing error)[32m 0[2mms[22m[39m
     [32mΓ£ô[39m returns normal for 29-year-old rates charge[32m 0[2mms[22m[39m
     [32mΓ£ô[39m returns approaching for 355-month-old sewerage charge[32m 0[2mms[22m[39m
     [32mΓ£ô[39m returns prescribed for 31-year-old refuse charge[32m 0[2mms[22m[39m
     [32mΓ£ô[39m returns normal for 36-month-old rates charge (30-year limit)[32m 0[2mms[22m[39m
     [32mΓ£ô[39m returns unknown for service_type "unknown"[32m 0[2mms[22m[39m
     [32mΓ£ô[39m returns unknown for unparseable bill period[32m 0[2mms[22m[39m
     [32mΓ£ô[39m handles "March 2023" format correctly[32m 0[2mms[22m[39m
     [32mΓ£ô[39m handles "Q1 2023" format correctly[32m 0[2mms[22m[39m
     [32mΓ£ô[39m handles "Jan-Mar 2023" range using earliest month[32m 0[2mms[22m[39m
     [32mΓ£ô[39m uses 3-year rule (electricity) for bill-level check[32m 0[2mms[22m[39m
     [32mΓ£ô[39m returns prescribed for 4-year-old bill[32m 0[2mms[22m[39m
     [32mΓ£ô[39m generates no warnings for recent bill[32m 1[2mms[22m[39m
     [32mΓ£ô[39m flags prescribed water/electricity but not rates on old bill[32m 0[2mms[22m[39m
     [32mΓ£ô[39m flags approaching items at 34 months[32m 0[2mms[22m[39m
       [32mΓ£ô[39m returns unknown for potentially new service types missing from mapping[32m 0[2mms[22m[39m
     [32mΓ£ô[39m handles empty errors array[32m 0[2mms[22m[39m

[2m Test Files [22m [1m[31m1 failed[39m[22m[90m (1)[39m
[2m      Tests [22m [1m[31m1 failed[39m[22m[2m | [22m[1m[32m41 passed[39m[22m[90m (42)[39m
[2m   Start at [22m 06:51:11
[2m   Duration [22m 281ms[2m (transform 47ms, setup 22ms, import 43ms, tests 17ms, environment 0ms)[22m

